✅ 中转站已设置好：坚果云（WebDAV）
   这台电脑叫：192
   配置保存在：/Users/liushiyu/projects/workbuddy-relay-kit/repo/video/tmp/公司电脑/.workbuddy-relay/config.json
✅ 中转站已设置好：坚果云（WebDAV）
   这台电脑叫：192
   配置保存在：/Users/liushiyu/projects/workbuddy-relay-kit/repo/video/tmp/家里电脑/.workbuddy-relay/config.json
{
  "push": "✅ 已打包上传：20261003-2050_Q3季度报告_192.zip\n   交接说明 + 4 个文件（原始 476.6KB，压缩后 478.0KB）\n👉 到另一台电脑的 WorkBuddy 里说：『接着做上次的』",
  "list": "最近的接力包（新→旧）：\n1. 10月03日 20:50 ｜ Q3季度报告 ｜ 来自 192 ｜ 478.0KB  [20261003-2050_Q3季度报告_192.zip]",
  "pull": "✅ 已取回：20261003-2050_Q3季度报告_192.zip\n   放在：/Users/liushiyu/projects/workbuddy-relay-kit/repo/video/tmp/家里电脑/WorkBuddy/接力/20261003-2050_Q3季度报告_192\nNOTE_PATH=/Users/liushiyu/projects/workbuddy-relay-kit/repo/video/tmp/家里电脑/WorkBuddy/接力/20261003-2050_Q3季度报告_192/交接.md"
}
clip 39839 1080
seg 0 clip 39839 4.7s
seg 1 ui wechat 10.5s
clip 4526 1080
seg 2 clip 4526 3.4s
seg 3 ui title 3.8s
seg 4 ui push 10.1s
clip 4954 1080
seg 5 clip 4954 2.7s
clip 4957 1080
seg 6 clip 4957 2.9s
seg 7 ui pull 9.4s
seg 8 ui install 9.1s
clip fail https://assets.mixkit.co/videos/14830/14830-1080.mp4 HTTP Error 403: Forbidden
clip 14830 720
seg 9 clip 14830 6.8s
DONE /Users/liushiyu/projects/workbuddy-relay-kit/repo/video/out/demo.mp4 63.6s 6.3MB
